DEBUG 2026-08-05 15:05:35.645 UTC: 	 CRAB Client version: v3.260630
DEBUG 2026-08-05 15:05:35.645 UTC: 	 Running on: Linux lxplus949.cern.ch 5.14.0-687.26.1.el9_8.x86_64 #1 SMP PREEMPT_DYNAMIC Mon Jul 13 13:49:10 EDT 2026 x86_64 x86_64 x86_64 GNU/Linux
DEBUG 2026-08-05 15:05:35.645 UTC: 	 Not using Singularity
DEBUG 2026-08-05 15:05:35.645 UTC: 	 Operating System: Red Hat Enterprise Linux 9.8 (Plow)
DEBUG 2026-08-05 15:05:35.645 UTC: 	 Executing command: 'submit'
DEBUG 2026-08-05 15:05:35.645 UTC: 	 Found CRAB cache file /afs/cern.ch/user/f/flarover/.crab3
INFO 2026-08-05 15:05:35.646 UTC: 	 Will use CRAB configuration file crabConfigData.py
DEBUG 2026-08-05 15:05:35.646 UTC: 	 Loading CRAB configuration file.
DEBUG 2026-08-05 15:05:35.653 UTC: 	 Will use CRAB plugin ANALYSIS (i.e. will run an analysis job type).
ERROR 2026-08-05 15:05:35.655 UTC: 	 Working area '/eos/user/f/flarover/crab_projects/crab_modKF_ScoutingSelection_2025_398566_903' already exists 
Please change the requestName in the config file
ERROR 2026-08-05 15:05:35.656 UTC: 	 Caught ClientException exception
Traceback (most recent call last):
  File "/cvmfs/cms.cern.ch/share/cms/crab-prod/v3.260630.00/bin/crab.py", line 157, in <module>
    client()
  File "/cvmfs/cms.cern.ch/share/cms/crab-prod/v3.260630.00/bin/crab.py", line 135, in __call__
    self.cmd = sub_cmd(self.logger, args[1:])  # the crab command to be executed
  File "/cvmfs/cms.cern.ch/share/cms/crab-prod/v3.260630.00/lib/CRABClient/Commands/submit.py", line 37, in __init__
    SubCommand.__init__(self, logger, cmdargs, disable_interspersed_args=True)
  File "/cvmfs/cms.cern.ch/share/cms/crab-prod/v3.260630.00/lib/CRABClient/Commands/SubCommand.py", line 328, in __init__
    self.requestarea, self.requestname, self.logfile = createWorkArea(
  File "/cvmfs/cms.cern.ch/share/cms/crab-prod/v3.260630.00/lib/CRABClient/ClientUtilities.py", line 392, in createWorkArea
    raise ConfigException("Working area '%s' already exists \nPlease change the requestName in the config file" % fullpath)
CRABClient.ClientExceptions.ConfigException: Working area '/eos/user/f/flarover/crab_projects/crab_modKF_ScoutingSelection_2025_398566_903' already exists 
Please change the requestName in the config file
INFO 2026-08-05 15:05:35.662 UTC: 	 Log file is /eos/home-f/flarover/HSCP_2025/modKBMTF/CMSSW_15_0_10/src/L1TriggerScouting/Utilities/python/crab.log
DEBUG 2026-08-21 12:58:06.728 UTC: 	 CRAB Client version: v3.260630
DEBUG 2026-08-21 12:58:06.728 UTC: 	 Running on: Linux lxplus962.cern.ch 5.14.0-687.39.1.el9_8.x86_64 #1 SMP PREEMPT_DYNAMIC Tue Aug 11 21:20:33 EDT 2026 x86_64 x86_64 x86_64 GNU/Linux
DEBUG 2026-08-21 12:58:06.728 UTC: 	 Not using Singularity
DEBUG 2026-08-21 12:58:06.728 UTC: 	 Operating System: Red Hat Enterprise Linux 9.8 (Plow)
DEBUG 2026-08-21 12:58:06.728 UTC: 	 Executing command: 'submit'
DEBUG 2026-08-21 12:58:06.729 UTC: 	 Found CRAB cache file /afs/cern.ch/user/f/flarover/.crab3
INFO 2026-08-21 12:58:06.732 UTC: 	 Will use CRAB configuration file crabConfigData.py
DEBUG 2026-08-21 12:58:06.732 UTC: 	 Loading CRAB configuration file.
DEBUG 2026-08-21 12:58:06.736 UTC: 	 Will use CRAB plugin ANALYSIS (i.e. will run an analysis job type).
ERROR 2026-08-21 12:58:06.743 UTC: 	 Working area '/eos/user/f/flarover/crab_projects/crab_DY_modKBMTF_ScoutingSelection_2025_398632_903' already exists 
Please change the requestName in the config file
ERROR 2026-08-21 12:58:06.743 UTC: 	 Caught ClientException exception
Traceback (most recent call last):
  File "/cvmfs/cms.cern.ch/share/cms/crab-prod/v3.260630.00/bin/crab.py", line 157, in <module>
    client()
  File "/cvmfs/cms.cern.ch/share/cms/crab-prod/v3.260630.00/bin/crab.py", line 135, in __call__
    self.cmd = sub_cmd(self.logger, args[1:])  # the crab command to be executed
  File "/cvmfs/cms.cern.ch/share/cms/crab-prod/v3.260630.00/lib/CRABClient/Commands/submit.py", line 37, in __init__
    SubCommand.__init__(self, logger, cmdargs, disable_interspersed_args=True)
  File "/cvmfs/cms.cern.ch/share/cms/crab-prod/v3.260630.00/lib/CRABClient/Commands/SubCommand.py", line 328, in __init__
    self.requestarea, self.requestname, self.logfile = createWorkArea(
  File "/cvmfs/cms.cern.ch/share/cms/crab-prod/v3.260630.00/lib/CRABClient/ClientUtilities.py", line 392, in createWorkArea
    raise ConfigException("Working area '%s' already exists \nPlease change the requestName in the config file" % fullpath)
CRABClient.ClientExceptions.ConfigException: Working area '/eos/user/f/flarover/crab_projects/crab_DY_modKBMTF_ScoutingSelection_2025_398632_903' already exists 
Please change the requestName in the config file
INFO 2026-08-21 12:58:06.747 UTC: 	 Log file is /eos/home-f/flarover/HSCP_2025/modKBMTF/CMSSW_15_0_10/src/L1TriggerScouting/Utilities/python/crab.log
DEBUG 2026-08-21 12:58:53.470 UTC: 	 CRAB Client version: v3.260630
DEBUG 2026-08-21 12:58:53.470 UTC: 	 Running on: Linux lxplus962.cern.ch 5.14.0-687.39.1.el9_8.x86_64 #1 SMP PREEMPT_DYNAMIC Tue Aug 11 21:20:33 EDT 2026 x86_64 x86_64 x86_64 GNU/Linux
DEBUG 2026-08-21 12:58:53.470 UTC: 	 Not using Singularity
DEBUG 2026-08-21 12:58:53.470 UTC: 	 Operating System: Red Hat Enterprise Linux 9.8 (Plow)
DEBUG 2026-08-21 12:58:53.470 UTC: 	 Executing command: 'submit'
DEBUG 2026-08-21 12:58:53.470 UTC: 	 Found CRAB cache file /afs/cern.ch/user/f/flarover/.crab3
INFO 2026-08-21 12:58:53.470 UTC: 	 Will use CRAB configuration file crabConfigData.py
DEBUG 2026-08-21 12:58:53.471 UTC: 	 Loading CRAB configuration file.
DEBUG 2026-08-21 12:58:53.473 UTC: 	 Will use CRAB plugin ANALYSIS (i.e. will run an analysis job type).
ERROR 2026-08-21 12:58:53.474 UTC: 	 Working area '/eos/user/f/flarover/crab_projects/crab_DY_modKBMTF_ScoutingSelection_2025_398632_903' already exists 
Please change the requestName in the config file
ERROR 2026-08-21 12:58:53.474 UTC: 	 Caught ClientException exception
Traceback (most recent call last):
  File "/cvmfs/cms.cern.ch/share/cms/crab-prod/v3.260630.00/bin/crab.py", line 157, in <module>
    client()
  File "/cvmfs/cms.cern.ch/share/cms/crab-prod/v3.260630.00/bin/crab.py", line 135, in __call__
    self.cmd = sub_cmd(self.logger, args[1:])  # the crab command to be executed
  File "/cvmfs/cms.cern.ch/share/cms/crab-prod/v3.260630.00/lib/CRABClient/Commands/submit.py", line 37, in __init__
    SubCommand.__init__(self, logger, cmdargs, disable_interspersed_args=True)
  File "/cvmfs/cms.cern.ch/share/cms/crab-prod/v3.260630.00/lib/CRABClient/Commands/SubCommand.py", line 328, in __init__
    self.requestarea, self.requestname, self.logfile = createWorkArea(
  File "/cvmfs/cms.cern.ch/share/cms/crab-prod/v3.260630.00/lib/CRABClient/ClientUtilities.py", line 392, in createWorkArea
    raise ConfigException("Working area '%s' already exists \nPlease change the requestName in the config file" % fullpath)
CRABClient.ClientExceptions.ConfigException: Working area '/eos/user/f/flarover/crab_projects/crab_DY_modKBMTF_ScoutingSelection_2025_398632_903' already exists 
Please change the requestName in the config file
INFO 2026-08-21 12:58:53.478 UTC: 	 Log file is /eos/home-f/flarover/HSCP_2025/modKBMTF/CMSSW_15_0_10/src/L1TriggerScouting/Utilities/python/crab.log
DEBUG 2026-09-08 13:10:27.647 UTC: 	 CRAB Client version: v3.260630
DEBUG 2026-09-08 13:10:27.648 UTC: 	 Running on: Linux lxplus983.cern.ch 5.14.0-687.41.1.el9_8.x86_64 #1 SMP PREEMPT_DYNAMIC Wed Aug 19 04:02:40 EDT 2026 x86_64 x86_64 x86_64 GNU/Linux
DEBUG 2026-09-08 13:10:27.648 UTC: 	 Not using Singularity
DEBUG 2026-09-08 13:10:27.648 UTC: 	 Operating System: Red Hat Enterprise Linux 9.8 (Plow)
DEBUG 2026-09-08 13:10:27.648 UTC: 	 Executing command: 'submit'
DEBUG 2026-09-08 13:10:27.648 UTC: 	 Found CRAB cache file /afs/cern.ch/user/f/flarover/.crab3
INFO 2026-09-08 13:10:27.649 UTC: 	 Will use CRAB configuration file crabConfigData.py
DEBUG 2026-09-08 13:10:27.649 UTC: 	 Loading CRAB configuration file.
DEBUG 2026-09-08 13:10:27.654 UTC: 	 Will use CRAB plugin ANALYSIS (i.e. will run an analysis job type).
ERROR 2026-09-08 13:10:27.656 UTC: 	 Working area '/eos/user/f/flarover/crab_projects/crab_modKBMTF_ScoutingSelection_2025_398632_50' already exists 
Please change the requestName in the config file
ERROR 2026-09-08 13:10:27.656 UTC: 	 Caught ClientException exception
Traceback (most recent call last):
  File "/cvmfs/cms.cern.ch/share/cms/crab-prod/v3.260630.00/bin/crab.py", line 157, in <module>
    client()
  File "/cvmfs/cms.cern.ch/share/cms/crab-prod/v3.260630.00/bin/crab.py", line 135, in __call__
    self.cmd = sub_cmd(self.logger, args[1:])  # the crab command to be executed
  File "/cvmfs/cms.cern.ch/share/cms/crab-prod/v3.260630.00/lib/CRABClient/Commands/submit.py", line 37, in __init__
    SubCommand.__init__(self, logger, cmdargs, disable_interspersed_args=True)
  File "/cvmfs/cms.cern.ch/share/cms/crab-prod/v3.260630.00/lib/CRABClient/Commands/SubCommand.py", line 328, in __init__
    self.requestarea, self.requestname, self.logfile = createWorkArea(
  File "/cvmfs/cms.cern.ch/share/cms/crab-prod/v3.260630.00/lib/CRABClient/ClientUtilities.py", line 392, in createWorkArea
    raise ConfigException("Working area '%s' already exists \nPlease change the requestName in the config file" % fullpath)
CRABClient.ClientExceptions.ConfigException: Working area '/eos/user/f/flarover/crab_projects/crab_modKBMTF_ScoutingSelection_2025_398632_50' already exists 
Please change the requestName in the config file
INFO 2026-09-08 13:10:27.662 UTC: 	 Log file is /eos/home-f/flarover/HSCP_2025/modKBMTF/CMSSW_15_0_10/src/L1TriggerScouting/Utilities/python/crab.log
